
Memory Configuration

Name             Origin             Length             Attributes
*default*        0x0000000000000000 0xffffffffffffffff

Linker script and memory map

Address of section .text set to 0x0
LOAD C:\Users\dirkm\AppData\Local\Temp\playingfields.elf.9MpijH.ltrans0.ltrans.o
LOAD C:\Users\dirkm\AppData\Local\Temp\cc5VdiDV.debug.temp.o
LOAD C:\Users\dirkm\AppData\Local\Temp\ccWEeUMC.debug.temp.o
LOAD C:\Users\dirkm\AppData\Local\Temp\ccNnfwWj.debug.temp.o
LOAD C:\Users\dirkm\AppData\Local\Temp\ccE6f850.debug.temp.o
LOAD obj/gcc8_a_support.o
                [!provide]                        PROVIDE (__executable_start = SEGMENT_START ("text-segment", 0x80000000))
                0x0000000080000074                . = (SEGMENT_START ("text-segment", 0x80000000) + SIZEOF_HEADERS)

.interp
 *(.interp)

.note.gnu.build-id
 *(.note.gnu.build-id)

.hash
 *(.hash)

.gnu.hash
 *(.gnu.hash)

.dynsym
 *(.dynsym)

.dynstr
 *(.dynstr)

.gnu.version
 *(.gnu.version)

.gnu.version_d
 *(.gnu.version_d)

.gnu.version_r
 *(.gnu.version_r)

.rela.dyn       0x0000000080000074        0x0
 *(.rela.init)
 *(.rela.text .rela.text.* .rela.gnu.linkonce.t.*)
 *(.rela.fini)
 *(.rela.rodata .rela.rodata.* .rela.gnu.linkonce.r.*)
 *(.rela.data .rela.data.* .rela.gnu.linkonce.d.*)
 *(.rela.tdata .rela.tdata.* .rela.gnu.linkonce.td.*)
 *(.rela.tbss .rela.tbss.* .rela.gnu.linkonce.tb.*)
 *(.rela.ctors)
 *(.rela.dtors)
 *(.rela.got)
 *(.rela.bss .rela.bss.* .rela.gnu.linkonce.b.*)
                [!provide]                        PROVIDE (__rela_iplt_start = .)
 *(.rela.iplt)
                [!provide]                        PROVIDE (__rela_iplt_end = .)

.rela.plt
 *(.rela.plt)

.init
 *(SORT_NONE(.init))

.plt
 *(.plt)

.iplt
 *(.iplt)

.text           0x0000000000000000      0xc28
 *(.text.unlikely .text.*_unlikely .text.unlikely.*)
 .text.unlikely
                0x0000000000000000       0x74 C:\Users\dirkm\AppData\Local\Temp\playingfields.elf.9MpijH.ltrans0.ltrans.o
                0x0000000000000000                _start
 *(.text.exit .text.exit.*)
 *(.text.startup .text.startup.*)
 .text.startup  0x0000000000000074      0x7a0 C:\Users\dirkm\AppData\Local\Temp\playingfields.elf.9MpijH.ltrans0.ltrans.o
                0x0000000000000074                main
 *(.text.hot .text.hot.*)
 *(SORT_BY_NAME(.text.sorted.*))
 *(.text .stub .text.* .gnu.linkonce.t.*)
 .text          0x0000000000000814      0x308 C:\Users\dirkm\AppData\Local\Temp\playingfields.elf.9MpijH.ltrans0.ltrans.o
                0x00000000000008f6                strlen
                0x000000000000090a                memset
                0x00000000000009d8                memcpy
                0x0000000000000a64                memmove
 .text          0x0000000000000b1c      0x10c obj/gcc8_a_support.o
                0x0000000000000b1c                __mulsi3
                0x0000000000000b3e                __udivsi3
                0x0000000000000b9a                __divsi3
                0x0000000000000bc4                __modsi3
                0x0000000000000bec                __umodsi3
                0x0000000000000c16                KPutCharX
                0x0000000000000c24                PutChar
 *(.gnu.warning)

.fini
 *(SORT_NONE(.fini))
                [!provide]                        PROVIDE (__etext = .)
                [!provide]                        PROVIDE (_etext = .)
                [!provide]                        PROVIDE (etext = .)

.rodata         0x0000000000000c28       0x49
 *(.rodata .rodata.* .gnu.linkonce.r.*)
 .rodata        0x0000000000000c28       0x49 C:\Users\dirkm\AppData\Local\Temp\playingfields.elf.9MpijH.ltrans0.ltrans.o

.rodata1
 *(.rodata1)

.eh_frame_hdr
 *(.eh_frame_hdr)
 *(.eh_frame_entry .eh_frame_entry.*)

.eh_frame
 *(.eh_frame)
 *(.eh_frame.*)

.gcc_except_table
 *(.gcc_except_table .gcc_except_table.*)

.gnu_extab
 *(.gnu_extab*)

.exception_ranges
 *(.exception_ranges*)
                0x0000000000002c71                . = DATA_SEGMENT_ALIGN (CONSTANT (MAXPAGESIZE), CONSTANT (COMMONPAGESIZE))

.eh_frame
 *(.eh_frame)
 *(.eh_frame.*)

.gnu_extab
 *(.gnu_extab)

.gcc_except_table
 *(.gcc_except_table .gcc_except_table.*)

.exception_ranges
 *(.exception_ranges*)

.tdata          0x0000000000002c71        0x0
                [!provide]                        PROVIDE (__tdata_start = .)
 *(.tdata .tdata.* .gnu.linkonce.td.*)

.tbss
 *(.tbss .tbss.* .gnu.linkonce.tb.*)
 *(.tcommon)

.preinit_array  0x0000000000002c71        0x0
                0x0000000000002c71                PROVIDE (__preinit_array_start = .)
 *(.preinit_array)
                0x0000000000002c71                PROVIDE (__preinit_array_end = .)

.init_array     0x0000000000002c71        0x0
                0x0000000000002c71                PROVIDE (__init_array_start = .)
 *(SORT_BY_INIT_PRIORITY(.init_array.*) SORT_BY_INIT_PRIORITY(.ctors.*))
 *(.init_array EXCLUDE_FILE(*crtend?.o *crtend.o *crtbegin?.o *crtbegin.o) .ctors)
                0x0000000000002c71                PROVIDE (__init_array_end = .)

.fini_array     0x0000000000002c71        0x0
                0x0000000000002c71                PROVIDE (__fini_array_start = .)
 *(SORT_BY_INIT_PRIORITY(.fini_array.*) SORT_BY_INIT_PRIORITY(.dtors.*))
 *(.fini_array EXCLUDE_FILE(*crtend?.o *crtend.o *crtbegin?.o *crtbegin.o) .dtors)
                0x0000000000002c71                PROVIDE (__fini_array_end = .)

.ctors
 *crtbegin.o(.ctors)
 *crtbegin?.o(.ctors)
 *(EXCLUDE_FILE(*crtend?.o *crtend.o) .ctors)
 *(SORT_BY_NAME(.ctors.*))
 *(.ctors)

.dtors
 *crtbegin.o(.dtors)
 *crtbegin?.o(.dtors)
 *(EXCLUDE_FILE(*crtend?.o *crtend.o) .dtors)
 *(SORT_BY_NAME(.dtors.*))
 *(.dtors)

.jcr
 *(.jcr)

.data.rel.ro
 *(.data.rel.ro.local* .gnu.linkonce.d.rel.ro.local.*)
 *(.data.rel.ro .data.rel.ro.* .gnu.linkonce.d.rel.ro.*)

.dynamic
 *(.dynamic)
                0x0000000000002c71                . = DATA_SEGMENT_RELRO_END (., 0x0)

.got
 *(.got.plt)
 *(.igot.plt)
 *(.got)
 *(.igot)

.data           0x0000000000002c74       0x34
 *(.data .data.* .gnu.linkonce.d.*)
 .data          0x0000000000002c74       0x34 C:\Users\dirkm\AppData\Local\Temp\playingfields.elf.9MpijH.ltrans0.ltrans.o
 .data          0x0000000000002ca8        0x0 obj/gcc8_a_support.o

BMP_HANK.MEMF_CHIP
                0x0000000000002ca8     0xf000
 BMP_HANK.MEMF_CHIP
                0x0000000000002ca8     0xf000 C:\Users\dirkm\AppData\Local\Temp\playingfields.elf.9MpijH.ltrans0.ltrans.o

BMP_DISP.MEMF_CHIP
                0x0000000000011ca8     0x7800
 BMP_DISP.MEMF_CHIP
                0x0000000000011ca8     0x7800 C:\Users\dirkm\AppData\Local\Temp\playingfields.elf.9MpijH.ltrans0.ltrans.o

.data1
 *(.data1)
                0x00000000000194a8                _edata = .
                [!provide]                        PROVIDE (edata = .)
                0x00000000000194a8                . = .
                0x00000000000194a8                __bss_start = .

.bss            0x00000000000194a8       0x98
 *(.dynbss)
 *(.bss .bss.* .gnu.linkonce.b.*)
 .bss           0x00000000000194a8       0x98 C:\Users\dirkm\AppData\Local\Temp\playingfields.elf.9MpijH.ltrans0.ltrans.o
 .bss           0x0000000000019540        0x0 obj/gcc8_a_support.o
 *(COMMON)
                0x0000000000019540                . = ALIGN ((. != 0x0)?0x4:0x1)
                0x0000000000019540                . = ALIGN (0x4)
                0x0000000000019540                . = SEGMENT_START ("ldata-segment", .)
                0x0000000000019540                . = ALIGN (0x4)
                0x0000000000019540                _end = .
                [!provide]                        PROVIDE (end = .)
                0x0000000000019540                . = DATA_SEGMENT_END (.)

.stab
 *(.stab)

.stabstr
 *(.stabstr)

.stab.excl
 *(.stab.excl)

.stab.exclstr
 *(.stab.exclstr)

.stab.index
 *(.stab.index)

.stab.indexstr
 *(.stab.indexstr)

.comment        0x0000000000000000       0x12
 *(.comment)
 .comment       0x0000000000000000       0x12 C:\Users\dirkm\AppData\Local\Temp\playingfields.elf.9MpijH.ltrans0.ltrans.o
                                         0x13 (size before relaxing)
 .comment       0x0000000000000012       0x13 C:\Users\dirkm\AppData\Local\Temp\cc5VdiDV.debug.temp.o
 .comment       0x0000000000000012       0x13 C:\Users\dirkm\AppData\Local\Temp\ccWEeUMC.debug.temp.o
 .comment       0x0000000000000012       0x13 C:\Users\dirkm\AppData\Local\Temp\ccNnfwWj.debug.temp.o
 .comment       0x0000000000000012       0x13 C:\Users\dirkm\AppData\Local\Temp\ccE6f850.debug.temp.o

.gnu.build.attributes
 *(.gnu.build.attributes .gnu.build.attributes.*)

.debug
 *(.debug)

.line
 *(.line)

.debug_srcinfo
 *(.debug_srcinfo)

.debug_sfnames
 *(.debug_sfnames)

.debug_aranges  0x0000000000000000       0x50
 *(.debug_aranges)
 .debug_aranges
                0x0000000000000000       0x30 C:\Users\dirkm\AppData\Local\Temp\playingfields.elf.9MpijH.ltrans0.ltrans.o
 .debug_aranges
                0x0000000000000030       0x20 obj/gcc8_a_support.o

.debug_pubnames
 *(.debug_pubnames)

.debug_info     0x0000000000000000     0x7641
 *(.debug_info .gnu.linkonce.wi.*)
 .debug_info    0x0000000000000000     0x109d C:\Users\dirkm\AppData\Local\Temp\playingfields.elf.9MpijH.ltrans0.ltrans.o
 .debug_info    0x000000000000109d     0x56a4 C:\Users\dirkm\AppData\Local\Temp\cc5VdiDV.debug.temp.o
                0x000000000000109d                main.c.11a60080
 .debug_info    0x0000000000006741      0x311 C:\Users\dirkm\AppData\Local\Temp\ccWEeUMC.debug.temp.o
                0x0000000000006741                hank_002.c.92222734
 .debug_info    0x0000000000006a52      0x313 C:\Users\dirkm\AppData\Local\Temp\ccNnfwWj.debug.temp.o
                0x0000000000006a52                cookie.c.0452bd99
 .debug_info    0x0000000000006d65      0x8b6 C:\Users\dirkm\AppData\Local\Temp\ccE6f850.debug.temp.o
                0x0000000000006d65                gcc8_c_support.c.55f71307
 .debug_info    0x000000000000761b       0x26 obj/gcc8_a_support.o

.debug_abbrev   0x0000000000000000      0x70d
 *(.debug_abbrev)
 .debug_abbrev  0x0000000000000000      0x171 C:\Users\dirkm\AppData\Local\Temp\playingfields.elf.9MpijH.ltrans0.ltrans.o
 .debug_abbrev  0x0000000000000171      0x2fe C:\Users\dirkm\AppData\Local\Temp\cc5VdiDV.debug.temp.o
 .debug_abbrev  0x000000000000046f       0x92 C:\Users\dirkm\AppData\Local\Temp\ccWEeUMC.debug.temp.o
 .debug_abbrev  0x0000000000000501       0x92 C:\Users\dirkm\AppData\Local\Temp\ccNnfwWj.debug.temp.o
 .debug_abbrev  0x0000000000000593      0x166 C:\Users\dirkm\AppData\Local\Temp\ccE6f850.debug.temp.o
 .debug_abbrev  0x00000000000006f9       0x14 obj/gcc8_a_support.o

.debug_line     0x0000000000000000     0x30bf
 *(.debug_line .debug_line.* .debug_line_end)
 .debug_line    0x0000000000000000     0x2608 C:\Users\dirkm\AppData\Local\Temp\playingfields.elf.9MpijH.ltrans0.ltrans.o
 .debug_line    0x0000000000002608      0x5c3 C:\Users\dirkm\AppData\Local\Temp\cc5VdiDV.debug.temp.o
 .debug_line    0x0000000000002bcb      0x155 C:\Users\dirkm\AppData\Local\Temp\ccWEeUMC.debug.temp.o
 .debug_line    0x0000000000002d20      0x153 C:\Users\dirkm\AppData\Local\Temp\ccNnfwWj.debug.temp.o
 .debug_line    0x0000000000002e73      0x15a C:\Users\dirkm\AppData\Local\Temp\ccE6f850.debug.temp.o
 .debug_line    0x0000000000002fcd       0xf2 obj/gcc8_a_support.o

.debug_frame    0x0000000000000000      0x254
 *(.debug_frame)
 .debug_frame   0x0000000000000000      0x190 C:\Users\dirkm\AppData\Local\Temp\playingfields.elf.9MpijH.ltrans0.ltrans.o
 .debug_frame   0x0000000000000190       0xc4 obj/gcc8_a_support.o

.debug_str      0x0000000000000000      0x2c4
 *(.debug_str)
 .debug_str     0x0000000000000000        0x9 C:\Users\dirkm\AppData\Local\Temp\playingfields.elf.9MpijH.ltrans0.ltrans.o
 .debug_str     0x0000000000000009      0x1c7 C:\Users\dirkm\AppData\Local\Temp\cc5VdiDV.debug.temp.o
 .debug_str     0x00000000000001d0        0x0 C:\Users\dirkm\AppData\Local\Temp\ccWEeUMC.debug.temp.o
 .debug_str     0x00000000000001d0        0x0 C:\Users\dirkm\AppData\Local\Temp\ccNnfwWj.debug.temp.o
 .debug_str     0x00000000000001d0       0x5c C:\Users\dirkm\AppData\Local\Temp\ccE6f850.debug.temp.o
 .debug_str     0x000000000000022c       0x98 obj/gcc8_a_support.o

.debug_loc      0x0000000000000000     0x13df
 *(.debug_loc)
 .debug_loc     0x0000000000000000     0x13df C:\Users\dirkm\AppData\Local\Temp\playingfields.elf.9MpijH.ltrans0.ltrans.o

.debug_macinfo
 *(.debug_macinfo)

.debug_weaknames
 *(.debug_weaknames)

.debug_funcnames
 *(.debug_funcnames)

.debug_typenames
 *(.debug_typenames)

.debug_varnames
 *(.debug_varnames)

.debug_pubtypes
 *(.debug_pubtypes)

.debug_ranges   0x0000000000000000      0x240
 *(.debug_ranges)
 .debug_ranges  0x0000000000000000      0x240 C:\Users\dirkm\AppData\Local\Temp\playingfields.elf.9MpijH.ltrans0.ltrans.o

.debug_macro
 *(.debug_macro)

.debug_addr
 *(.debug_addr)

.gnu.attributes
 *(.gnu.attributes)

/DISCARD/
 *(.note.GNU-stack)
 *(.gnu_debuglink)
 *(.gnu.lto_*)
OUTPUT(bin/playingfields.elf elf32-m68k)
