
Memory Configuration

Name             Origin             Length             Attributes
*default*        0x0000000000000000 0xffffffffffffffff

Linker script and memory map

Address of section .text set to 0x0
LOAD C:\Users\dirkm\AppData\Local\Temp\a.mingw.elf.pV9nCN.ltrans0.ltrans.o
LOAD C:\Users\dirkm\AppData\Local\Temp\cc3gfdTd.debug.temp.o
LOAD C:\Users\dirkm\AppData\Local\Temp\ccOI6RO0.debug.temp.o
LOAD C:\Users\dirkm\AppData\Local\Temp\ccbaOGTN.debug.temp.o
LOAD obj/gcc8_a_support.o
                [!provide]                        PROVIDE (__executable_start = SEGMENT_START ("text-segment", 0x80000000))
                0x0000000080000074                . = (SEGMENT_START ("text-segment", 0x80000000) + SIZEOF_HEADERS)

.interp
 *(.interp)

.note.gnu.build-id
 *(.note.gnu.build-id)

.hash
 *(.hash)

.gnu.hash
 *(.gnu.hash)

.dynsym
 *(.dynsym)

.dynstr
 *(.dynstr)

.gnu.version
 *(.gnu.version)

.gnu.version_d
 *(.gnu.version_d)

.gnu.version_r
 *(.gnu.version_r)

.rela.dyn       0x0000000080000074        0x0
 *(.rela.init)
 *(.rela.text .rela.text.* .rela.gnu.linkonce.t.*)
 *(.rela.fini)
 *(.rela.rodata .rela.rodata.* .rela.gnu.linkonce.r.*)
 *(.rela.data .rela.data.* .rela.gnu.linkonce.d.*)
 *(.rela.tdata .rela.tdata.* .rela.gnu.linkonce.td.*)
 *(.rela.tbss .rela.tbss.* .rela.gnu.linkonce.tb.*)
 *(.rela.ctors)
 *(.rela.dtors)
 *(.rela.got)
 *(.rela.bss .rela.bss.* .rela.gnu.linkonce.b.*)
                [!provide]                        PROVIDE (__rela_iplt_start = .)
 *(.rela.iplt)
                [!provide]                        PROVIDE (__rela_iplt_end = .)

.rela.plt
 *(.rela.plt)

.init
 *(SORT_NONE(.init))

.plt
 *(.plt)

.iplt
 *(.iplt)

.text           0x0000000000000000     0x143c
 *(.text.unlikely .text.*_unlikely .text.unlikely.*)
 .text.unlikely
                0x0000000000000000       0x74 C:\Users\dirkm\AppData\Local\Temp\a.mingw.elf.pV9nCN.ltrans0.ltrans.o
                0x0000000000000000                _start
 *(.text.exit .text.exit.*)
 *(.text.startup .text.startup.*)
 .text.startup  0x0000000000000074      0xbde C:\Users\dirkm\AppData\Local\Temp\a.mingw.elf.pV9nCN.ltrans0.ltrans.o
                0x0000000000000074                main
 *(.text.hot .text.hot.*)
 *(SORT_BY_NAME(.text.sorted.*))
 *(.text .stub .text.* .gnu.linkonce.t.*)
 *fill*         0x0000000000000c52        0x2 4e714e71
 .text          0x0000000000000c54      0x6da C:\Users\dirkm\AppData\Local\Temp\a.mingw.elf.pV9nCN.ltrans0.ltrans.o
                0x0000000000001108                strlen
                0x000000000000111c                memset
                0x00000000000011ea                memcpy
                0x0000000000001276                memmove
 *fill*         0x000000000000132e        0x2 4e714e71
 .text          0x0000000000001330      0x10c obj/gcc8_a_support.o
                0x0000000000001330                __mulsi3
                0x0000000000001352                __udivsi3
                0x00000000000013ae                __divsi3
                0x00000000000013d8                __modsi3
                0x0000000000001400                __umodsi3
                0x000000000000142a                KPutCharX
                0x0000000000001438                PutChar
 *(.gnu.warning)

.fini
 *(SORT_NONE(.fini))
                [!provide]                        PROVIDE (__etext = .)
                [!provide]                        PROVIDE (_etext = .)
                [!provide]                        PROVIDE (etext = .)

.rodata         0x000000000000143c       0x91
 *(.rodata .rodata.* .gnu.linkonce.r.*)
 .rodata        0x000000000000143c       0x91 C:\Users\dirkm\AppData\Local\Temp\a.mingw.elf.pV9nCN.ltrans0.ltrans.o

.rodata1
 *(.rodata1)

.eh_frame_hdr
 *(.eh_frame_hdr)
 *(.eh_frame_entry .eh_frame_entry.*)

.eh_frame
 *(.eh_frame)
 *(.eh_frame.*)

.gcc_except_table
 *(.gcc_except_table .gcc_except_table.*)

.gnu_extab
 *(.gnu_extab*)

.exception_ranges
 *(.exception_ranges*)
                0x0000000000002000                . = DATA_SEGMENT_ALIGN (CONSTANT (MAXPAGESIZE), CONSTANT (COMMONPAGESIZE))

.eh_frame
 *(.eh_frame)
 *(.eh_frame.*)

.gnu_extab
 *(.gnu_extab)

.gcc_except_table
 *(.gcc_except_table .gcc_except_table.*)

.exception_ranges
 *(.exception_ranges*)

.tdata          0x0000000000002000        0x0
                [!provide]                        PROVIDE (__tdata_start = .)
 *(.tdata .tdata.* .gnu.linkonce.td.*)

.tbss
 *(.tbss .tbss.* .gnu.linkonce.tb.*)
 *(.tcommon)

.preinit_array  0x0000000000002000        0x0
                0x0000000000002000                PROVIDE (__preinit_array_start = .)
 *(.preinit_array)
                0x0000000000002000                PROVIDE (__preinit_array_end = .)

.init_array     0x0000000000002000        0x0
                0x0000000000002000                PROVIDE (__init_array_start = .)
 *(SORT_BY_INIT_PRIORITY(.init_array.*) SORT_BY_INIT_PRIORITY(.ctors.*))
 *(.init_array EXCLUDE_FILE(*crtend?.o *crtend.o *crtbegin?.o *crtbegin.o) .ctors)
                0x0000000000002000                PROVIDE (__init_array_end = .)

.fini_array     0x0000000000002000        0x0
                0x0000000000002000                PROVIDE (__fini_array_start = .)
 *(SORT_BY_INIT_PRIORITY(.fini_array.*) SORT_BY_INIT_PRIORITY(.dtors.*))
 *(.fini_array EXCLUDE_FILE(*crtend?.o *crtend.o *crtbegin?.o *crtbegin.o) .dtors)
                0x0000000000002000                PROVIDE (__fini_array_end = .)

.ctors
 *crtbegin.o(.ctors)
 *crtbegin?.o(.ctors)
 *(EXCLUDE_FILE(*crtend?.o *crtend.o) .ctors)
 *(SORT_BY_NAME(.ctors.*))
 *(.ctors)

.dtors
 *crtbegin.o(.dtors)
 *crtbegin?.o(.dtors)
 *(EXCLUDE_FILE(*crtend?.o *crtend.o) .dtors)
 *(SORT_BY_NAME(.dtors.*))
 *(.dtors)

.jcr
 *(.jcr)

.data.rel.ro
 *(.data.rel.ro.local* .gnu.linkonce.d.rel.ro.local.*)
 *(.data.rel.ro .data.rel.ro.* .gnu.linkonce.d.rel.ro.*)

.dynamic
 *(.dynamic)
                0x0000000000002000                . = DATA_SEGMENT_RELRO_END (., 0x0)

.got
 *(.got.plt)
 *(.igot.plt)
 *(.got)
 *(.igot)

.data           0x0000000000002000       0x60
 *(.data .data.* .gnu.linkonce.d.*)
 .data          0x0000000000002000       0x60 C:\Users\dirkm\AppData\Local\Temp\a.mingw.elf.pV9nCN.ltrans0.ltrans.o
 .data          0x0000000000002060        0x0 obj/gcc8_a_support.o

.MEMF_CHIP_bmpDisplay
                0x0000000000002060     0x7800
 .MEMF_CHIP_bmpDisplay
                0x0000000000002060     0x7800 C:\Users\dirkm\AppData\Local\Temp\a.mingw.elf.pV9nCN.ltrans0.ltrans.o

.MEMF_CHIP_bmpDraw
                0x0000000000009860     0x7800
 .MEMF_CHIP_bmpDraw
                0x0000000000009860     0x7800 C:\Users\dirkm\AppData\Local\Temp\a.mingw.elf.pV9nCN.ltrans0.ltrans.o

.data1
 *(.data1)
                0x0000000000011060                _edata = .
                [!provide]                        PROVIDE (edata = .)
                0x0000000000011060                . = .
                0x0000000000011060                __bss_start = .

.bss            0x0000000000011060       0x50
 *(.dynbss)
 *(.bss .bss.* .gnu.linkonce.b.*)
 .bss           0x0000000000011060       0x4e C:\Users\dirkm\AppData\Local\Temp\a.mingw.elf.pV9nCN.ltrans0.ltrans.o
 *fill*         0x00000000000110ae        0x2 
 .bss           0x00000000000110b0        0x0 obj/gcc8_a_support.o
 *(COMMON)
                0x00000000000110b0                . = ALIGN ((. != 0x0)?0x4:0x1)
                0x00000000000110b0                . = ALIGN (0x4)
                0x00000000000110b0                . = SEGMENT_START ("ldata-segment", .)
                0x00000000000110b0                . = ALIGN (0x4)
                0x00000000000110b0                _end = .
                [!provide]                        PROVIDE (end = .)
                0x00000000000110b0                . = DATA_SEGMENT_END (.)

.stab
 *(.stab)

.stabstr
 *(.stabstr)

.stab.excl
 *(.stab.excl)

.stab.exclstr
 *(.stab.exclstr)

.stab.index
 *(.stab.index)

.stab.indexstr
 *(.stab.indexstr)

.comment        0x0000000000000000       0x12
 *(.comment)
 .comment       0x0000000000000000       0x12 C:\Users\dirkm\AppData\Local\Temp\a.mingw.elf.pV9nCN.ltrans0.ltrans.o
                                         0x13 (size before relaxing)
 .comment       0x0000000000000012       0x13 C:\Users\dirkm\AppData\Local\Temp\cc3gfdTd.debug.temp.o
 .comment       0x0000000000000012       0x13 C:\Users\dirkm\AppData\Local\Temp\ccOI6RO0.debug.temp.o
 .comment       0x0000000000000012       0x13 C:\Users\dirkm\AppData\Local\Temp\ccbaOGTN.debug.temp.o

.gnu.build.attributes
 *(.gnu.build.attributes .gnu.build.attributes.*)

.debug
 *(.debug)

.line
 *(.line)

.debug_srcinfo
 *(.debug_srcinfo)

.debug_sfnames
 *(.debug_sfnames)

.debug_aranges  0x0000000000000000       0x50
 *(.debug_aranges)
 .debug_aranges
                0x0000000000000000       0x30 C:\Users\dirkm\AppData\Local\Temp\a.mingw.elf.pV9nCN.ltrans0.ltrans.o
 .debug_aranges
                0x0000000000000030       0x20 obj/gcc8_a_support.o

.debug_pubnames
 *(.debug_pubnames)

.debug_info     0x0000000000000000     0x66fd
 *(.debug_info .gnu.linkonce.wi.*)
 .debug_info    0x0000000000000000     0x13d6 C:\Users\dirkm\AppData\Local\Temp\a.mingw.elf.pV9nCN.ltrans0.ltrans.o
 .debug_info    0x00000000000013d6      0x31e C:\Users\dirkm\AppData\Local\Temp\cc3gfdTd.debug.temp.o
                0x00000000000013d6                hank_logo.c.b0db844e
 .debug_info    0x00000000000016f4     0x4723 C:\Users\dirkm\AppData\Local\Temp\ccOI6RO0.debug.temp.o
                0x00000000000016f4                main.c.af0d3d8a
 .debug_info    0x0000000000005e17      0x8c0 C:\Users\dirkm\AppData\Local\Temp\ccbaOGTN.debug.temp.o
                0x0000000000005e17                gcc8_c_support.c.52d0bec2
 .debug_info    0x00000000000066d7       0x26 obj/gcc8_a_support.o

.debug_abbrev   0x0000000000000000      0x65e
 *(.debug_abbrev)
 .debug_abbrev  0x0000000000000000      0x175 C:\Users\dirkm\AppData\Local\Temp\a.mingw.elf.pV9nCN.ltrans0.ltrans.o
 .debug_abbrev  0x0000000000000175       0x92 C:\Users\dirkm\AppData\Local\Temp\cc3gfdTd.debug.temp.o
 .debug_abbrev  0x0000000000000207      0x2dd C:\Users\dirkm\AppData\Local\Temp\ccOI6RO0.debug.temp.o
 .debug_abbrev  0x00000000000004e4      0x166 C:\Users\dirkm\AppData\Local\Temp\ccbaOGTN.debug.temp.o
 .debug_abbrev  0x000000000000064a       0x14 obj/gcc8_a_support.o

.debug_line     0x0000000000000000     0x3873
 *(.debug_line .debug_line.* .debug_line_end)
 .debug_line    0x0000000000000000     0x2f4a C:\Users\dirkm\AppData\Local\Temp\a.mingw.elf.pV9nCN.ltrans0.ltrans.o
 .debug_line    0x0000000000002f4a      0x15b C:\Users\dirkm\AppData\Local\Temp\cc3gfdTd.debug.temp.o
 .debug_line    0x00000000000030a5      0x578 C:\Users\dirkm\AppData\Local\Temp\ccOI6RO0.debug.temp.o
 .debug_line    0x000000000000361d      0x15f C:\Users\dirkm\AppData\Local\Temp\ccbaOGTN.debug.temp.o
 .debug_line    0x000000000000377c       0xf7 obj/gcc8_a_support.o

.debug_frame    0x0000000000000000      0x4a8
 *(.debug_frame)
 .debug_frame   0x0000000000000000      0x3e4 C:\Users\dirkm\AppData\Local\Temp\a.mingw.elf.pV9nCN.ltrans0.ltrans.o
 .debug_frame   0x00000000000003e4       0xc4 obj/gcc8_a_support.o

.debug_str      0x0000000000000000      0x240
 *(.debug_str)
 .debug_str     0x0000000000000000        0x0 C:\Users\dirkm\AppData\Local\Temp\a.mingw.elf.pV9nCN.ltrans0.ltrans.o
 .debug_str     0x0000000000000000        0x0 C:\Users\dirkm\AppData\Local\Temp\cc3gfdTd.debug.temp.o
 .debug_str     0x0000000000000000      0x142 C:\Users\dirkm\AppData\Local\Temp\ccOI6RO0.debug.temp.o
 .debug_str     0x0000000000000142       0x5c C:\Users\dirkm\AppData\Local\Temp\ccbaOGTN.debug.temp.o
 .debug_str     0x000000000000019e       0xa2 obj/gcc8_a_support.o

.debug_loc      0x0000000000000000     0x18c3
 *(.debug_loc)
 .debug_loc     0x0000000000000000     0x18c3 C:\Users\dirkm\AppData\Local\Temp\a.mingw.elf.pV9nCN.ltrans0.ltrans.o

.debug_macinfo
 *(.debug_macinfo)

.debug_weaknames
 *(.debug_weaknames)

.debug_funcnames
 *(.debug_funcnames)

.debug_typenames
 *(.debug_typenames)

.debug_varnames
 *(.debug_varnames)

.debug_pubtypes
 *(.debug_pubtypes)

.debug_ranges   0x0000000000000000      0x2d8
 *(.debug_ranges)
 .debug_ranges  0x0000000000000000      0x2d8 C:\Users\dirkm\AppData\Local\Temp\a.mingw.elf.pV9nCN.ltrans0.ltrans.o

.debug_macro
 *(.debug_macro)

.debug_addr
 *(.debug_addr)

.gnu.attributes
 *(.gnu.attributes)

/DISCARD/
 *(.note.GNU-stack)
 *(.gnu_debuglink)
 *(.gnu.lto_*)
OUTPUT(a.mingw.elf elf32-m68k)
